running egg_info
creating build/arduino_dashboard/arduino_dashboard.egg-info
writing build/arduino_dashboard/arduino_dashboard.egg-info/PKG-INFO
writing dependency_links to build/arduino_dashboard/arduino_dashboard.egg-info/dependency_links.txt
writing entry points to build/arduino_dashboard/arduino_dashboard.egg-info/entry_points.txt
writing requirements to build/arduino_dashboard/arduino_dashboard.egg-info/requires.txt
writing top-level names to build/arduino_dashboard/arduino_dashboard.egg-info/top_level.txt
writing manifest file 'build/arduino_dashboard/arduino_dashboard.egg-info/SOURCES.txt'
reading manifest file 'build/arduino_dashboard/arduino_dashboard.egg-info/SOURCES.txt'
writing manifest file 'build/arduino_dashboard/arduino_dashboard.egg-info/SOURCES.txt'
running build
running build_py
creating /root/ros2_ws/SensorLab/arduino_dashboard/build/arduino_dashboard/build
creating /root/ros2_ws/SensorLab/arduino_dashboard/build/arduino_dashboard/build/lib
creating /root/ros2_ws/SensorLab/arduino_dashboard/build/arduino_dashboard/build/lib/arduino_dashboard
copying arduino_dashboard/__init__.py -> /root/ros2_ws/SensorLab/arduino_dashboard/build/arduino_dashboard/build/lib/arduino_dashboard
copying arduino_dashboard/arduino_dashboard_plugin.py -> /root/ros2_ws/SensorLab/arduino_dashboard/build/arduino_dashboard/build/lib/arduino_dashboard
copying arduino_dashboard/serial_node.py -> /root/ros2_ws/SensorLab/arduino_dashboard/build/arduino_dashboard/build/lib/arduino_dashboard
running install
running install_lib
creating /root/ros2_ws/SensorLab/arduino_dashboard/install/arduino_dashboard/lib/python3.10/site-packages/arduino_dashboard
copying /root/ros2_ws/SensorLab/arduino_dashboard/build/arduino_dashboard/build/lib/arduino_dashboard/__init__.py -> /root/ros2_ws/SensorLab/arduino_dashboard/install/arduino_dashboard/lib/python3.10/site-packages/arduino_dashboard
copying /root/ros2_ws/SensorLab/arduino_dashboard/build/arduino_dashboard/build/lib/arduino_dashboard/arduino_dashboard_plugin.py -> /root/ros2_ws/SensorLab/arduino_dashboard/install/arduino_dashboard/lib/python3.10/site-packages/arduino_dashboard
copying /root/ros2_ws/SensorLab/arduino_dashboard/build/arduino_dashboard/build/lib/arduino_dashboard/serial_node.py -> /root/ros2_ws/SensorLab/arduino_dashboard/install/arduino_dashboard/lib/python3.10/site-packages/arduino_dashboard
byte-compiling /root/ros2_ws/SensorLab/arduino_dashboard/install/arduino_dashboard/lib/python3.10/site-packages/arduino_dashboard/__init__.py to __init__.cpython-310.pyc
byte-compiling /root/ros2_ws/SensorLab/arduino_dashboard/install/arduino_dashboard/lib/python3.10/site-packages/arduino_dashboard/arduino_dashboard_plugin.py to arduino_dashboard_plugin.cpython-310.pyc
byte-compiling /root/ros2_ws/SensorLab/arduino_dashboard/install/arduino_dashboard/lib/python3.10/site-packages/arduino_dashboard/serial_node.py to serial_node.cpython-310.pyc
running install_data
creating /root/ros2_ws/SensorLab/arduino_dashboard/install/arduino_dashboard/share/ament_index
creating /root/ros2_ws/SensorLab/arduino_dashboard/install/arduino_dashboard/share/ament_index/resource_index
creating /root/ros2_ws/SensorLab/arduino_dashboard/install/arduino_dashboard/share/ament_index/resource_index/packages
copying resource/arduino_dashboard -> /root/ros2_ws/SensorLab/arduino_dashboard/install/arduino_dashboard/share/ament_index/resource_index/packages
copying package.xml -> /root/ros2_ws/SensorLab/arduino_dashboard/install/arduino_dashboard/share/arduino_dashboard
copying plugin.xml -> /root/ros2_ws/SensorLab/arduino_dashboard/install/arduino_dashboard/share/arduino_dashboard
creating /root/ros2_ws/SensorLab/arduino_dashboard/install/arduino_dashboard/share/arduino_dashboard/launch
copying launch/dashboard.launch.py -> /root/ros2_ws/SensorLab/arduino_dashboard/install/arduino_dashboard/share/arduino_dashboard/launch
running install_egg_info
Copying build/arduino_dashboard/arduino_dashboard.egg-info to /root/ros2_ws/SensorLab/arduino_dashboard/install/arduino_dashboard/lib/python3.10/site-packages/arduino_dashboard-0.0.1-py3.10.egg-info
running install_scripts
Installing serial_node script to /root/ros2_ws/SensorLab/arduino_dashboard/install/arduino_dashboard/lib/arduino_dashboard
writing list of installed files to '/root/ros2_ws/SensorLab/arduino_dashboard/build/arduino_dashboard/install.log'
