[0.106s] DEBUG:colcon:Command line arguments: ['/usr/bin/colcon', 'build', '--packages-select', 'arduino_dashboard']
[0.106s] DEBUG:colcon:Parsed command line arguments: Namespace(log_base=None, log_level=None, verb_name='build', build_base='build', install_base='install', merge_install=False, symlink_install=False, test_result_base=None, continue_on_error=False, executor='parallel', parallel_workers=16, event_handlers=None, ignore_user_meta=False, metas=['./colcon.meta'], base_paths=['.'], packages_ignore=None, packages_ignore_regex=None, paths=None, packages_up_to=None, packages_up_to_regex=None, packages_above=None, packages_above_and_dependencies=None, packages_above_depth=None, packages_select_by_dep=None, packages_skip_by_dep=None, packages_skip_up_to=None, packages_select_build_failed=False, packages_skip_build_finished=False, packages_select_test_failures=False, packages_skip_test_passed=False, packages_select=['arduino_dashboard'], packages_skip=None, packages_select_regex=None, packages_skip_regex=None, packages_start=None, packages_end=None, cmake_args=None, cmake_target=None, cmake_target_skip_unavailable=False, cmake_clean_cache=False, cmake_clean_first=False, cmake_force_configure=False, ament_cmake_args=None, catkin_cmake_args=None, catkin_skip_building_tests=False, mixin_files=None, mixin=None, verb_parser=<colcon_mixin.mixin.mixin_argument.MixinArgumentDecorator object at 0x7405378731f0>, verb_extension=<colcon_core.verb.build.BuildVerb object at 0x740537a2c160>, main=<bound method BuildVerb.main of <colcon_core.verb.build.BuildVerb object at 0x740537a2c160>>, mixin_verb=('build',))
[0.160s] Level 1:colcon.colcon_core.package_discovery:discover_packages(colcon_meta) check parameters
[0.160s] INFO:colcon.colcon_metadata.package_discovery.colcon_meta:Using configuration from '/root/.colcon/metadata/default/Gazebo.meta'
[0.160s] INFO:colcon.colcon_metadata.package_discovery.colcon_meta:Using configuration from '/root/.colcon/metadata/default/fastdds.meta'
[0.160s] INFO:colcon.colcon_metadata.package_discovery.colcon_meta:Using configuration from '/root/.colcon/metadata/default/fastrtps.meta'
[0.160s] Level 1:colcon.colcon_core.package_discovery:discover_packages(recursive) check parameters
[0.160s] Level 1:colcon.colcon_core.package_discovery:discover_packages(ignore) check parameters
[0.160s] Level 1:colcon.colcon_core.package_discovery:discover_packages(path) check parameters
[0.160s] Level 1:colcon.colcon_core.package_discovery:discover_packages(colcon_meta) discover
[0.161s] Level 1:colcon.colcon_core.package_discovery:discover_packages(recursive) discover
[0.161s] INFO:colcon.colcon_core.package_discovery:Crawling recursively for packages in '/root/ros2_ws/SensorLab/arduino_dashboard'
[0.161s] Level 1:colcon.colcon_core.package_identification:_identify(.) by extensions ['ignore', 'ignore_ament_install']
[0.161s] Level 1:colcon.colcon_core.package_identification:_identify(.) by extension 'ignore'
[0.161s] Level 1:colcon.colcon_core.package_identification:_identify(.) by extension 'ignore_ament_install'
[0.161s] Level 1:colcon.colcon_core.package_identification:_identify(.) by extensions ['colcon_pkg']
[0.161s] Level 1:colcon.colcon_core.package_identification:_identify(.) by extension 'colcon_pkg'
[0.161s] Level 1:colcon.colcon_core.package_identification:_identify(.) by extensions ['colcon_meta']
[0.161s] Level 1:colcon.colcon_core.package_identification:_identify(.) by extension 'colcon_meta'
[0.161s] Level 1:colcon.colcon_core.package_identification:_identify(.) by extensions ['ros']
[0.161s] Level 1:colcon.colcon_core.package_identification:_identify(.) by extension 'ros'
[0.167s] DEBUG:colcon.colcon_core.package_identification:Package '.' with type 'ros.ament_python' and name 'arduino_dashboard'
[0.167s] Level 1:colcon.colcon_core.package_discovery:discover_packages(recursive) using defaults
[0.167s] Level 1:colcon.colcon_core.package_discovery:discover_packages(ignore) discover
[0.167s] Level 1:colcon.colcon_core.package_discovery:discover_packages(ignore) using defaults
[0.167s] Level 1:colcon.colcon_core.package_discovery:discover_packages(path) discover
[0.167s] Level 1:colcon.colcon_core.package_discovery:discover_packages(path) using defaults
[0.176s] Level 5:colcon.colcon_core.verb:set package 'arduino_dashboard' build argument 'cmake_args' from command line to 'None'
[0.176s] Level 5:colcon.colcon_core.verb:set package 'arduino_dashboard' build argument 'cmake_target' from command line to 'None'
[0.176s] Level 5:colcon.colcon_core.verb:set package 'arduino_dashboard' build argument 'cmake_target_skip_unavailable' from command line to 'False'
[0.176s] Level 5:colcon.colcon_core.verb:set package 'arduino_dashboard' build argument 'cmake_clean_cache' from command line to 'False'
[0.176s] Level 5:colcon.colcon_core.verb:set package 'arduino_dashboard' build argument 'cmake_clean_first' from command line to 'False'
[0.176s] Level 5:colcon.colcon_core.verb:set package 'arduino_dashboard' build argument 'cmake_force_configure' from command line to 'False'
[0.176s] Level 5:colcon.colcon_core.verb:set package 'arduino_dashboard' build argument 'ament_cmake_args' from command line to 'None'
[0.176s] Level 5:colcon.colcon_core.verb:set package 'arduino_dashboard' build argument 'catkin_cmake_args' from command line to 'None'
[0.176s] Level 5:colcon.colcon_core.verb:set package 'arduino_dashboard' build argument 'catkin_skip_building_tests' from command line to 'False'
[0.176s] DEBUG:colcon.colcon_core.verb:Building package 'arduino_dashboard' with the following arguments: {'ament_cmake_args': None, 'build_base': '/root/ros2_ws/SensorLab/arduino_dashboard/build/arduino_dashboard', 'catkin_cmake_args': None, 'catkin_skip_building_tests': False, 'cmake_args': None, 'cmake_clean_cache': False, 'cmake_clean_first': False, 'cmake_force_configure': False, 'cmake_target': None, 'cmake_target_skip_unavailable': False, 'install_base': '/root/ros2_ws/SensorLab/arduino_dashboard/install/arduino_dashboard', 'merge_install': False, 'path': '/root/ros2_ws/SensorLab/arduino_dashboard', 'symlink_install': False, 'test_result_base': None}
[0.176s] INFO:colcon.colcon_core.executor:Executing jobs using 'parallel' executor
[0.178s] DEBUG:colcon.colcon_parallel_executor.executor.parallel:run_until_complete
[0.178s] INFO:colcon.colcon_ros.task.ament_python.build:Building ROS package in '/root/ros2_ws/SensorLab/arduino_dashboard' with build type 'ament_python'
[0.178s] Level 1:colcon.colcon_core.shell:create_environment_hook('arduino_dashboard', 'ament_prefix_path')
[0.179s] INFO:colcon.colcon_core.plugin_system:Skipping extension 'colcon_core.shell.bat': Not used on non-Windows systems
[0.179s] INFO:colcon.colcon_core.shell:Creating environment hook '/root/ros2_ws/SensorLab/arduino_dashboard/install/arduino_dashboard/share/arduino_dashboard/hook/ament_prefix_path.ps1'
[0.179s] INFO:colcon.colcon_core.shell:Creating environment descriptor '/root/ros2_ws/SensorLab/arduino_dashboard/install/arduino_dashboard/share/arduino_dashboard/hook/ament_prefix_path.dsv'
[0.180s] INFO:colcon.colcon_core.shell:Creating environment hook '/root/ros2_ws/SensorLab/arduino_dashboard/install/arduino_dashboard/share/arduino_dashboard/hook/ament_prefix_path.sh'
[0.180s] INFO:colcon.colcon_core.shell:Skip shell extension 'powershell' for command environment: Not usable outside of PowerShell
[0.180s] DEBUG:colcon.colcon_core.shell:Skip shell extension 'dsv' for command environment
[0.317s] INFO:colcon.colcon_core.task.python.build:Building Python package in '/root/ros2_ws/SensorLab/arduino_dashboard'
[0.318s] INFO:colcon.colcon_core.shell:Skip shell extension 'powershell' for command environment: Not usable outside of PowerShell
[0.318s] DEBUG:colcon.colcon_core.shell:Skip shell extension 'dsv' for command environment
[0.504s] DEBUG:colcon.colcon_core.event_handler.log_command:Invoking command in '/root/ros2_ws/SensorLab/arduino_dashboard': PYTHONPATH=/root/ros2_ws/SensorLab/arduino_dashboard/build/arduino_dashboard/prefix_override:/usr/lib/python3/dist-packages/colcon_core/task/python/colcon_distutils_commands:/root/ros2_ws/SensorLab/arduino_dashboard/install/arduino_dashboard/lib/python3.10/site-packages:${PYTHONPATH} /usr/bin/python3 -W ignore:setup.py install is deprecated -W ignore:easy_install command is deprecated setup.py egg_info --egg-base build/arduino_dashboard build --build-base /root/ros2_ws/SensorLab/arduino_dashboard/build/arduino_dashboard/build install --record /root/ros2_ws/SensorLab/arduino_dashboard/build/arduino_dashboard/install.log --single-version-externally-managed install_data
[0.682s] DEBUG:colcon.colcon_core.event_handler.log_command:Invoked command in '/root/ros2_ws/SensorLab/arduino_dashboard' returned '0': PYTHONPATH=/root/ros2_ws/SensorLab/arduino_dashboard/build/arduino_dashboard/prefix_override:/usr/lib/python3/dist-packages/colcon_core/task/python/colcon_distutils_commands:/root/ros2_ws/SensorLab/arduino_dashboard/install/arduino_dashboard/lib/python3.10/site-packages:${PYTHONPATH} /usr/bin/python3 -W ignore:setup.py install is deprecated -W ignore:easy_install command is deprecated setup.py egg_info --egg-base build/arduino_dashboard build --build-base /root/ros2_ws/SensorLab/arduino_dashboard/build/arduino_dashboard/build install --record /root/ros2_ws/SensorLab/arduino_dashboard/build/arduino_dashboard/install.log --single-version-externally-managed install_data
[0.687s] Level 1:colcon.colcon_core.environment:checking '/root/ros2_ws/SensorLab/arduino_dashboard/install/arduino_dashboard' for CMake module files
[0.688s] Level 1:colcon.colcon_core.environment:checking '/root/ros2_ws/SensorLab/arduino_dashboard/install/arduino_dashboard' for CMake config files
[0.689s] Level 1:colcon.colcon_core.environment:checking '/root/ros2_ws/SensorLab/arduino_dashboard/install/arduino_dashboard/lib'
[0.690s] Level 1:colcon.colcon_core.environment:checking '/root/ros2_ws/SensorLab/arduino_dashboard/install/arduino_dashboard/bin'
[0.690s] Level 1:colcon.colcon_core.environment:checking '/root/ros2_ws/SensorLab/arduino_dashboard/install/arduino_dashboard/lib/pkgconfig/arduino_dashboard.pc'
[0.691s] Level 1:colcon.colcon_core.environment:checking '/root/ros2_ws/SensorLab/arduino_dashboard/install/arduino_dashboard/lib/python3.10/site-packages'
[0.691s] Level 1:colcon.colcon_core.shell:create_environment_hook('arduino_dashboard', 'pythonpath')
[0.691s] INFO:colcon.colcon_core.shell:Creating environment hook '/root/ros2_ws/SensorLab/arduino_dashboard/install/arduino_dashboard/share/arduino_dashboard/hook/pythonpath.ps1'
[0.693s] INFO:colcon.colcon_core.shell:Creating environment descriptor '/root/ros2_ws/SensorLab/arduino_dashboard/install/arduino_dashboard/share/arduino_dashboard/hook/pythonpath.dsv'
[0.694s] INFO:colcon.colcon_core.shell:Creating environment hook '/root/ros2_ws/SensorLab/arduino_dashboard/install/arduino_dashboard/share/arduino_dashboard/hook/pythonpath.sh'
[0.695s] Level 1:colcon.colcon_core.environment:checking '/root/ros2_ws/SensorLab/arduino_dashboard/install/arduino_dashboard/bin'
[0.695s] Level 1:colcon.colcon_core.environment:create_environment_scripts_only(arduino_dashboard)
[0.696s] INFO:colcon.colcon_core.shell:Creating package script '/root/ros2_ws/SensorLab/arduino_dashboard/install/arduino_dashboard/share/arduino_dashboard/package.ps1'
[0.698s] INFO:colcon.colcon_core.shell:Creating package descriptor '/root/ros2_ws/SensorLab/arduino_dashboard/install/arduino_dashboard/share/arduino_dashboard/package.dsv'
[0.699s] INFO:colcon.colcon_core.shell:Creating package script '/root/ros2_ws/SensorLab/arduino_dashboard/install/arduino_dashboard/share/arduino_dashboard/package.sh'
[0.700s] INFO:colcon.colcon_core.shell:Creating package script '/root/ros2_ws/SensorLab/arduino_dashboard/install/arduino_dashboard/share/arduino_dashboard/package.bash'
[0.701s] INFO:colcon.colcon_core.shell:Creating package script '/root/ros2_ws/SensorLab/arduino_dashboard/install/arduino_dashboard/share/arduino_dashboard/package.zsh'
[0.702s] Level 1:colcon.colcon_core.environment:create_file_with_runtime_dependencies(/root/ros2_ws/SensorLab/arduino_dashboard/install/arduino_dashboard/share/colcon-core/packages/arduino_dashboard)
[0.703s] DEBUG:colcon.colcon_parallel_executor.executor.parallel:closing loop
[0.704s] DEBUG:colcon.colcon_parallel_executor.executor.parallel:loop closed
[0.704s] DEBUG:colcon.colcon_parallel_executor.executor.parallel:run_until_complete finished with '0'
[0.704s] DEBUG:colcon.colcon_core.event_reactor:joining thread
[0.712s] INFO:colcon.colcon_core.plugin_system:Skipping extension 'colcon_notification.desktop_notification.notify_send': Could not find 'notify-send'
[0.712s] INFO:colcon.colcon_core.plugin_system:Skipping extension 'colcon_notification.desktop_notification.terminal_notifier': Not used on non-Darwin systems
[0.712s] INFO:colcon.colcon_core.plugin_system:Skipping extension 'colcon_notification.desktop_notification.win32': Not used on non-Windows systems
[0.712s] INFO:colcon.colcon_notification.desktop_notification:Sending desktop notification using 'notify2'
[0.712s] DEBUG:colcon.colcon_notification.desktop_notification.notify2:Failed to initialize notify2: org.freedesktop.DBus.Error.NotSupported: Unable to autolaunch a dbus-daemon without a $DISPLAY for X11
[0.712s] DEBUG:colcon.colcon_core.event_reactor:joined thread
[0.713s] INFO:colcon.colcon_core.shell:Creating prefix script '/root/ros2_ws/SensorLab/arduino_dashboard/install/local_setup.ps1'
[0.718s] INFO:colcon.colcon_core.shell:Creating prefix util module '/root/ros2_ws/SensorLab/arduino_dashboard/install/_local_setup_util_ps1.py'
[0.722s] INFO:colcon.colcon_core.shell:Creating prefix chain script '/root/ros2_ws/SensorLab/arduino_dashboard/install/setup.ps1'
[0.724s] INFO:colcon.colcon_core.shell:Creating prefix script '/root/ros2_ws/SensorLab/arduino_dashboard/install/local_setup.sh'
[0.725s] INFO:colcon.colcon_core.shell:Creating prefix util module '/root/ros2_ws/SensorLab/arduino_dashboard/install/_local_setup_util_sh.py'
[0.727s] INFO:colcon.colcon_core.shell:Creating prefix chain script '/root/ros2_ws/SensorLab/arduino_dashboard/install/setup.sh'
[0.729s] INFO:colcon.colcon_core.shell:Creating prefix script '/root/ros2_ws/SensorLab/arduino_dashboard/install/local_setup.bash'
[0.730s] INFO:colcon.colcon_core.shell:Creating prefix chain script '/root/ros2_ws/SensorLab/arduino_dashboard/install/setup.bash'
[0.732s] INFO:colcon.colcon_core.shell:Creating prefix script '/root/ros2_ws/SensorLab/arduino_dashboard/install/local_setup.zsh'
[0.733s] INFO:colcon.colcon_core.shell:Creating prefix chain script '/root/ros2_ws/SensorLab/arduino_dashboard/install/setup.zsh'
