[0.464s] Invoking command in '/root/ros2_ws/SensorLab/arduino_dashboard': PYTHONPATH=/root/ros2_ws/SensorLab/arduino_dashboard/build/arduino_dashboard/prefix_override:/usr/lib/python3/dist-packages/colcon_core/task/python/colcon_distutils_commands:/root/ros2_ws/SensorLab/arduino_dashboard/install/arduino_dashboard/lib/python3.10/site-packages:${PYTHONPATH} /usr/bin/python3 -W ignore:setup.py install is deprecated -W ignore:easy_install command is deprecated setup.py egg_info --egg-base build/arduino_dashboard build --build-base /root/ros2_ws/SensorLab/arduino_dashboard/build/arduino_dashboard/build install --record /root/ros2_ws/SensorLab/arduino_dashboard/build/arduino_dashboard/install.log --single-version-externally-managed install_data
[0.699s] running egg_info
[0.699s] writing build/arduino_dashboard/arduino_dashboard.egg-info/PKG-INFO
[0.699s] writing dependency_links to build/arduino_dashboard/arduino_dashboard.egg-info/dependency_links.txt
[0.699s] writing entry points to build/arduino_dashboard/arduino_dashboard.egg-info/entry_points.txt
[0.700s] writing requirements to build/arduino_dashboard/arduino_dashboard.egg-info/requires.txt
[0.700s] writing top-level names to build/arduino_dashboard/arduino_dashboard.egg-info/top_level.txt
[0.701s] reading manifest file 'build/arduino_dashboard/arduino_dashboard.egg-info/SOURCES.txt'
[0.701s] writing manifest file 'build/arduino_dashboard/arduino_dashboard.egg-info/SOURCES.txt'
[0.702s] running build
[0.702s] running build_py
[0.702s] running install
[0.702s] running install_lib
[0.703s] running install_data
[0.703s] running install_egg_info
[0.705s] removing '/root/ros2_ws/SensorLab/arduino_dashboard/install/arduino_dashboard/lib/python3.10/site-packages/arduino_dashboard-0.0.1-py3.10.egg-info' (and everything under it)
[0.705s] Copying build/arduino_dashboard/arduino_dashboard.egg-info to /root/ros2_ws/SensorLab/arduino_dashboard/install/arduino_dashboard/lib/python3.10/site-packages/arduino_dashboard-0.0.1-py3.10.egg-info
[0.706s] running install_scripts
[0.726s] Installing serial_node script to /root/ros2_ws/SensorLab/arduino_dashboard/install/arduino_dashboard/lib/arduino_dashboard
[0.726s] writing list of installed files to '/root/ros2_ws/SensorLab/arduino_dashboard/build/arduino_dashboard/install.log'
[0.749s] Invoked command in '/root/ros2_ws/SensorLab/arduino_dashboard' returned '0': PYTHONPATH=/root/ros2_ws/SensorLab/arduino_dashboard/build/arduino_dashboard/prefix_override:/usr/lib/python3/dist-packages/colcon_core/task/python/colcon_distutils_commands:/root/ros2_ws/SensorLab/arduino_dashboard/install/arduino_dashboard/lib/python3.10/site-packages:${PYTHONPATH} /usr/bin/python3 -W ignore:setup.py install is deprecated -W ignore:easy_install command is deprecated setup.py egg_info --egg-base build/arduino_dashboard build --build-base /root/ros2_ws/SensorLab/arduino_dashboard/build/arduino_dashboard/build install --record /root/ros2_ws/SensorLab/arduino_dashboard/build/arduino_dashboard/install.log --single-version-externally-managed install_data
